// Jest Snapshot v1, https://goo.gl/fbAQLP

exports[`Single Thumbnail component Thumbnail matches snapshot 1`] = `
ShallowWrapper {
  Symbol(enzyme.__root__): [Circular],
  Symbol(enzyme.__unrendered__): <Thumbnail
    image="https://i.imgur.com/sjHPrLE.jpg"
  />,
  Symbol(enzyme.__renderer__): Object {
    "batchedUpdates": [Function],
    "getNode": [Function],
    "render": [Function],
    "simulateError": [Function],
    "simulateEvent": [Function],
    "unmount": [Function],
  },
  Symbol(enzyme.__node__): Object {
    "instance": null,
    "key": undefined,
    "nodeType": "class",
    "props": Object {
      "children": Array [
        <ImageLinks
          handleClick={[Function]}
          hide={true}
          image="https://i.imgur.com/sjHPrLE.jpg"
        />,
        <Media
          src="https://i.imgur.com/sjHPrLE.jpg"
        />,
      ],
      "onClick": [Function],
    },
    "ref": null,
    "rendered": Array [
      Object {
        "instance": null,
        "key": undefined,
        "nodeType": "function",
        "props": Object {
          "handleClick": [Function],
          "hide": true,
          "image": "https://i.imgur.com/sjHPrLE.jpg",
          "link": undefined,
          "title": undefined,
        },
        "ref": null,
        "rendered": null,
        "type": [Function],
      },
      Object {
        "instance": null,
        "key": undefined,
        "nodeType": "function",
        "props": Object {
          "src": "https://i.imgur.com/sjHPrLE.jpg",
        },
        "ref": null,
        "rendered": null,
        "type": [Function],
      },
    ],
    "type": [Function],
  },
  Symbol(enzyme.__nodes__): Array [
    Object {
      "instance": null,
      "key": undefined,
      "nodeType": "class",
      "props": Object {
        "children": Array [
          <ImageLinks
            handleClick={[Function]}
            hide={true}
            image="https://i.imgur.com/sjHPrLE.jpg"
          />,
          <Media
            src="https://i.imgur.com/sjHPrLE.jpg"
          />,
        ],
        "onClick": [Function],
      },
      "ref": null,
      "rendered": Array [
        Object {
          "instance": null,
          "key": undefined,
          "nodeType": "function",
          "props": Object {
            "handleClick": [Function],
            "hide": true,
            "image": "https://i.imgur.com/sjHPrLE.jpg",
            "link": undefined,
            "title": undefined,
          },
          "ref": null,
          "rendered": null,
          "type": [Function],
        },
        Object {
          "instance": null,
          "key": undefined,
          "nodeType": "function",
          "props": Object {
            "src": "https://i.imgur.com/sjHPrLE.jpg",
          },
          "ref": null,
          "rendered": null,
          "type": [Function],
        },
      ],
      "type": [Function],
    },
  ],
  Symbol(enzyme.__options__): Object {
    "adapter": ReactSixteenAdapter {
      "options": Object {
        "enableComponentDidUpdateOnSetState": true,
        "lifecycles": Object {
          "componentDidUpdate": Object {
            "onSetState": true,
          },
          "getDerivedStateFromProps": true,
          "getSnapshotBeforeUpdate": true,
          "setState": Object {
            "skipsComponentDidUpdateOnNullish": true,
          },
        },
      },
    },
  },
}
`;
